EDITING DELEGATE: webViewDidChangeSelection:WebViewDidChangeSelectionNotification
EDITING DELEGATE: webViewDidChangeSelection:WebViewDidChangeSelectionNotification
EDITING DELEGATE: webViewDidChangeSelection:WebViewDidChangeSelectionNotification
EDITING DELEGATE: webViewDidChangeSelection:WebViewDidChangeSelectionNotification
EDITING DELEGATE: webViewDidChange:WebViewDidChangeNotification
layer at (0,0) size 800x600
  LayoutView at (0,0) size 800x600
layer at (0,0) size 800x600
  LayoutBlockFlow {HTML} at (0,0) size 800x600
    LayoutBlockFlow {BODY} at (8,8) size 784x584
      LayoutBlockFlow {P} at (0,0) size 784x18
        LayoutText {#text} at (0,0) size 539x18
          text run at (0,0) width 248: "This tests list creation in an empty line. "
          text run at (248,0) width 291: "The caret should end up in the empty list item."
      LayoutBlockFlow {DIV} at (0,34) size 784x86
        LayoutBlockFlow (anonymous) at (0,0) size 784x18
          LayoutText {#text} at (0,0) size 99x18
            text run at (0,0) width 99: "Paragraph One."
          LayoutBR {BR} at (99,14) size 0x0
        LayoutBlockFlow {OL} at (0,34) size 784x18
          LayoutListItem {LI} at (40,0) size 744x18
            LayoutListMarker {::marker} at (-20,0) size 16x18
        LayoutBlockFlow (anonymous) at (0,68) size 784x18
          LayoutText {#text} at (0,0) size 102x18
            text run at (0,0) width 102: "Paragraph Two."
caret: position 0 of child 0 {LI} of child 2 {OL} of child 2 {DIV} of body
