CONSOLE MESSAGE: Blink Test Plugin: initializing
CONSOLE MESSAGE: Blink Test Plugin: DidChangeFocus(true)
CONSOLE MESSAGE: Blink Test Plugin: MouseDown at (52,52)
CONSOLE MESSAGE: Blink Test Plugin: MouseUp at (52,52)
layer at (0,0) size 800x600
  LayoutView at (0,0) size 800x600
layer at (0,0) size 800x600
  LayoutBlockFlow {HTML} at (0,0) size 800x600
    LayoutBlockFlow {BODY} at (8,8) size 784x584
      LayoutBlockFlow (anonymous) at (0,0) size 784x122
        LayoutBR {BR} at (100,100) size 0x0
        LayoutTextControl {INPUT} at (0,100) size 154x22 [bgcolor=#FFFFFF] [border: (2px inset #EEEEEE)]
        LayoutText {#text} at (0,0) size 0x0
      LayoutBlockFlow {DIV} at (0,122) size 784x0
layer at (8,8) size 100x100
  LayoutEmbeddedObject {EMBED} at (0,0) size 100x100
layer at (10,111) size 150x16
  LayoutBlockFlow {DIV} at (2,3) size 150x16
    LayoutText {#text} at (0,0) size 27x16
      text run at (0,0) width 27: "hello"
