layer at (0,0) size 800x600
  LayoutView at (0,0) size 800x600
layer at (0,0) size 800x600
  LayoutBlockFlow {HTML} at (0,0) size 800x600
    LayoutBlockFlow {BODY} at (8,8) size 784x584
      LayoutBlockFlow {DIV} at (0,0) size 784x18
        LayoutText {#text} at (0,0) size 476x17
          text run at (0,0) width 476: "This test passes if the resize corner icon appears high-resolution in HiDPI."
      LayoutBlockFlow (anonymous) at (0,18) size 784x34
        LayoutText {#text} at (0,0) size 0x0
layer at (8,26) size 179x34 clip at (9,27) size 177x32
  LayoutTextControl {TEXTAREA} at (0,0) size 179x34 [bgcolor=#FFFFFF] [border: (1px solid #A9A9A9)]
    LayoutBlockFlow {DIV} at (3,3) size 175x15
