layer at (0,0) size 800x600
  LayoutView at (0,0) size 800x600
layer at (0,0) size 800x100
  LayoutBlockFlow {HTML} at (0,0) size 800x100
    LayoutBlockFlow {BODY} at (8,16) size 784x76
      LayoutBlockFlow {P} at (0,0) size 784x20
        LayoutText {#text} at (0,0) size 260x19
          text run at (0,0) width 260: "The following two lines should be the same:"
      LayoutBlockFlow {DIV} at (0,36) size 784x20
        LayoutInline {SPAN} at (0,0) size 14x19
          LayoutInline (anonymous) at (0,0) size 14x19
            LayoutCounter at (0,0) size 8x19
              text run at (0,0) width 8: "1"
            LayoutText at (8,0) size 6x19
              text run at (8,0) width 6: "-"
        LayoutInline {SPAN} at (0,0) size 14x19
          LayoutInline (anonymous) at (0,0) size 14x19
            LayoutCounter at (14,0) size 8x19
              text run at (14,0) width 8: "2"
            LayoutText at (22,0) size 6x19
              text run at (22,0) width 6: "-"
        LayoutInline {SPAN} at (0,0) size 14x19
          LayoutInline (anonymous) at (0,0) size 14x19
            LayoutCounter at (28,0) size 8x19
              text run at (28,0) width 8: "3"
            LayoutText at (36,0) size 6x19
              text run at (36,0) width 6: "-"
      LayoutBlockFlow {DIV} at (0,56) size 784x20
        LayoutText {#text} at (0,0) size 66x19
          text run at (0,0) width 66: "1-1.1-1.2-"
