layer at (0,0) size 800x600
  LayoutView at (0,0) size 800x600
layer at (0,0) size 800x100
  LayoutBlockFlow {HTML} at (0,0) size 800x100
    LayoutBlockFlow {BODY} at (8,16) size 784x76
      LayoutBlockFlow {P} at (0,0) size 784x20
        LayoutText {#text} at (0,0) size 260x19
          text run at (0,0) width 260: "The following two lines should be the same:"
      LayoutBlockFlow {DIV} at (0,36) size 784x20
        LayoutInline {SPAN} at (0,0) size 14x19
          LayoutInline (anonymous) at (0,0) size 14x19
            LayoutCounter at (0,0) size 8x19
              text run at (0,0) width 8: "1"
            LayoutText at (8,0) size 6x19
              text run at (8,0) width 6: "-"
        LayoutInline {SPAN} at (0,0) size 52x19
          LayoutInline {SPAN} at (0,0) size 52x19
            LayoutInline {SPAN} at (0,0) size 26x19
              LayoutInline (anonymous) at (0,0) size 26x19
                LayoutCounter at (14,0) size 20x19
                  text run at (14,0) width 20: "1.1"
                LayoutText at (34,0) size 6x19
                  text run at (34,0) width 6: "-"
            LayoutInline {SPAN} at (0,0) size 26x19
              LayoutInline (anonymous) at (0,0) size 26x19
                LayoutCounter at (40,0) size 20x19
                  text run at (40,0) width 20: "1.2"
                LayoutText at (60,0) size 6x19
                  text run at (60,0) width 6: "-"
        LayoutInline {SPAN} at (0,0) size 14x19
          LayoutInline (anonymous) at (0,0) size 14x19
            LayoutCounter at (66,0) size 8x19
              text run at (66,0) width 8: "1"
            LayoutText at (74,0) size 6x19
              text run at (74,0) width 6: "-"
        LayoutInline {SPAN} at (0,0) size 14x19
          LayoutInline (anonymous) at (0,0) size 14x19
            LayoutCounter at (80,0) size 8x19
              text run at (80,0) width 8: "2"
            LayoutText at (88,0) size 6x19
              text run at (88,0) width 6: "-"
      LayoutBlockFlow {DIV} at (0,56) size 784x20
        LayoutText {#text} at (0,0) size 80x19
          text run at (0,0) width 80: "0.1-0.2-1-2-"
