layer at (0,0) size 800x600
  LayoutView at (0,0) size 800x600
layer at (0,0) size 800x600
  LayoutBlockFlow {HTML} at (0,0) size 800x600
    LayoutBlockFlow {BODY} at (8,8) size 784x584
      LayoutBlockFlow {DIV} at (0,0) size 784x20
        LayoutText {#text} at (0,0) size 608x19
          text run at (0,0) width 608: "This test passes if the broken image icon appears high-resolution in HiDPI and is the appropriate size."
      LayoutBlockFlow (anonymous) at (0,20) size 784x150
        LayoutImage {IMG} at (0,0) size 300x150
        LayoutText {#text} at (0,0) size 0x0
