layer at (0,0) size 800x600
  LayoutView at (0,0) size 800x600
layer at (0,0) size 800x600
  LayoutBlockFlow {HTML} at (0,0) size 800x600
    LayoutBlockFlow {BODY} at (8,8) size 784x584
      LayoutInline {SPAN} at (0,0) size 332x19 [bgcolor=#FF0000]
        LayoutText {#text} at (0,0) size 332x19
          text run at (0,0) width 332: "This text should be nice and sharp. devicePixelRatio is: "
      LayoutText {#text} at (0,0) size 0x0
      LayoutInline {SPAN} at (0,0) size 8x19
        LayoutText {#text} at (332,0) size 8x19
          text run at (332,0) width 8: "2"
      LayoutText {#text} at (0,0) size 0x0
