layer at (0,0) size 800x600
  LayoutView at (0,0) size 800x600
layer at (0,0) size 800x600
  LayoutBlockFlow {HTML} at (0,0) size 800x600
    LayoutBlockFlow {BODY} at (8,8) size 784x584
      LayoutBlockFlow {DIV} at (0,0) size 784x20
        LayoutText {#text} at (0,0) size 442x19
          text run at (0,0) width 442: "This test passes if the resize corner icon appears high-resolution in HiDPI."
      LayoutBlockFlow (anonymous) at (0,20) size 784x36
        LayoutText {#text} at (0,0) size 0x0
layer at (8,28) size 179x36 clip at (9,29) size 177x34
  LayoutTextControl {TEXTAREA} at (0,0) size 179x36 [bgcolor=#FFFFFF] [border: (1px solid #A9A9A9)]
    LayoutBlockFlow {DIV} at (3,3) size 175x16
