layer at (0,0)
  LayoutView at (0,0) size 800x600
layer at (0,0)
  LayoutBlockFlow {HTML} at (0,0) size 800x628
    LayoutBlockFlow {BODY} at (8,16) size 784x604
      LayoutBlockFlow (children-inline) {P} at (0,0) size 784x40
        LayoutText {#text} at (0,0) size 724x39
          text run at (0,0) width 724: "This is a test that only dumps the layout tree, and doesn't actually display the page. This tests some peculiarities in the test"
          text run at (0,20) width 535: "framework for printing. To run this test manually, run it with content_shell --run-web-tests"
      LayoutBlockFlow (children-inline) {DIV} at (0,56) size 784x20
        LayoutText {#text} at (0,0) size 155x19
          text run at (0,0) width 155: "This should be on page 1."
      LayoutBlockFlow (children-inline) {DIV} at (0,584) size 784x20
        LayoutText {#text} at (0,0) size 155x19
          text run at (0,0) width 155: "This should be on page 2."
