layer at (0,0)
  LayoutView at (0,0) size 800x600
layer at (0,0)
  LayoutNGBlockFlow {HTML} at (0,0) size 800x600
    LayoutNGBlockFlow {BODY} at (8,8) size 784x584
      LayoutNGBlockFlow {DIV} at (0,0) size 784x36
        LayoutNGBlockFlow {DIV} at (0,0) size 784x18
          LayoutText {#text} at (0,0) size 22x18
            text run at (0,0) width 22: "foo"
        LayoutNGBlockFlow (anonymous) at (0,18) size 784x18
          LayoutText {#text} at (0,0) size 21x18
            text run at (0,0) width 21: "bar"
