EDITING DELEGATE: webViewDidChangeSelection:WebViewDidChangeSelectionNotification
EDITING DELEGATE: webViewDidChangeSelection:WebViewDidChangeSelectionNotification
EDITING DELEGATE: webViewDidChangeSelection:WebViewDidChangeSelectionNotification
EDITING DELEGATE: webViewDidChangeSelection:WebViewDidChangeSelectionNotification
EDITING DELEGATE: webViewDidChangeSelection:WebViewDidChangeSelectionNotification
layer at (0,0)
  LayoutView at (0,0) size 800x600
layer at (0,0)
  LayoutNGBlockFlow {HTML} at (0,0) size 800x600
    LayoutNGBlockFlow {BODY} at (8,8) size 784x576
      LayoutNGBlockFlow {P} at (0,0) size 784x18
        LayoutText {#text} at (0,0) size 664x18
          text run at (0,0) width 664: "This tests for a bug where selection change notifications would post the wrong proposed selected range."
      LayoutNGBlockFlow {DIV} at (0,34) size 784x18
        LayoutText {#text} at (0,0) size 363x18
          text run at (0,0) width 363: "There should be five characters selected in this sentence."
      LayoutNGBlockFlow {UL} at (0,68) size 784x0
selection start: position 0 of child 0 {#text} of child 2 {DIV} of body
selection end:   position 2 of child 0 {#text} of child 2 {DIV} of body
