EDITING DELEGATE: webViewDidChangeSelection:WebViewDidChangeSelectionNotification
layer at (0,0)
  LayoutView at (0,0) size 800x600
layer at (0,0)
  LayoutNGBlockFlow {HTML} at (0,0) size 800x600
    LayoutNGBlockFlow {BODY} at (8,8) size 784x584
      LayoutText {#text} at (0,0) size 67x18
        text run at (0,0) width 67: "This is an "
      LayoutInline {A} at (66,0) size 80x18 [color=#0000EE]
        LayoutText {#text} at (66,0) size 80x18
          text run at (66,0) width 80: "editable link"
      LayoutText {#text} at (145,0) size 5x18
        text run at (145,0) width 5: "."
caret: position 6 of child 0 {#text} of child 3 {A} of body
