EDITING DELEGATE: webViewDidChangeSelection:WebViewDidChangeSelectionNotification
EDITING DELEGATE: webViewDidChangeSelection:WebViewDidChangeSelectionNotification
EDITING DELEGATE: webViewDidChangeSelection:WebViewDidChangeSelectionNotification
EDITING DELEGATE: webViewDidChangeSelection:WebViewDidChangeSelectionNotification
layer at (0,0)
  LayoutView at (0,0) size 800x600
layer at (0,0)
  LayoutNGBlockFlow {HTML} at (0,0) size 800x600
    LayoutNGBlockFlow {BODY} at (8,8) size 784x584
      LayoutNGBlockFlow {DIV} at (0,0) size 784x156
        LayoutNGBlockFlow {DIV} at (0,0) size 784x56
          LayoutText {#text} at (0,0) size 60x28
            text run at (0,0) width 60: "Tests:"
          LayoutBR {BR} at (59,0) size 1x28
          LayoutText {#text} at (0,28) size 253x28
            text run at (0,28) width 253: "Key binding for control-O"
        LayoutNGBlockFlow {DIV} at (0,72) size 784x84
          LayoutText {#text} at (0,0) size 177x28
            text run at (0,0) width 177: "Expected results:"
          LayoutBR {BR} at (176,0) size 1x28
          LayoutText {#text} at (0,28) size 88x28
            text run at (0,28) width 88: "one five |"
          LayoutBR {BR} at (87,28) size 1x28
          LayoutText {#text} at (0,56) size 136x28
            text run at (0,56) width 136: "two three four"
      LayoutNGBlockFlow {DIV} at (0,180) size 784x28
        LayoutNGBlockFlow {DIV} at (0,0) size 784x28
          LayoutText {#text} at (0,0) size 219x28
            text run at (0,0) width 219: "one five two three four"
caret: position 9 of child 0 {#text} of child 1 {DIV} of child 3 {DIV} of body
