EDITING DELEGATE: webViewDidChangeSelection:WebViewDidChangeSelectionNotification
EDITING DELEGATE: webViewDidChangeSelection:WebViewDidChangeSelectionNotification
EDITING DELEGATE: webViewDidChange:WebViewDidChangeNotification
EDITING DELEGATE: webViewDidChangeSelection:WebViewDidChangeSelectionNotification
EDITING DELEGATE: webViewDidChange:WebViewDidChangeNotification
EDITING DELEGATE: webViewDidChangeSelection:WebViewDidChangeSelectionNotification
EDITING DELEGATE: webViewDidChange:WebViewDidChangeNotification
EDITING DELEGATE: webViewDidChangeSelection:WebViewDidChangeSelectionNotification
EDITING DELEGATE: webViewDidChange:WebViewDidChangeNotification
layer at (0,0)
  LayoutView at (0,0) size 1200x900
layer at (0,0)
  LayoutBlockFlow {HTML} at (0,0) size 1200x900
    LayoutBlockFlow {BODY} at (12,12) size 1176x876
      LayoutBlockFlow (children-inline) {DIV} at (0,0) size 1176x84 [border: (3px solid #FF0000) (3px solid #FF0000) (3px solid #FF0000) (3px solid #FF0000)]
        LayoutText {#text} at (21,22) size 57x40
          text run at (21,22) width 57: " foo"
caret: position 4 of child 0 {#text} of child 1 {DIV} of body
