EDITING DELEGATE: webViewDidChangeSelection:WebViewDidChangeSelectionNotification
layer at (0,0)
  LayoutNGView at (0,0) size 800x600
layer at (0,0)
  LayoutNGBlockFlow {HTML} at (0,0) size 800x600
    LayoutNGBlockFlow {BODY} at (8,8) size 784x584
      LayoutNGBlockFlow {P} at (0,0) size 784x40
        LayoutText {#text} at (0,0) size 126x19
          text run at (0,0) width 126: "This is a testcase for "
        LayoutInline {A} at (126,0) size 146x19 [color=#0000EE]
          LayoutText {#text} at (126,0) size 146x19
            text run at (126,0) width 146: "rdar://problem/4402375"
        LayoutText {#text} at (0,0) size 768x39
          text run at (272,0) width 496: " \"REGRESSION (417.8-TOT): finding text sometimes also selects previous image"
          text run at (0,20) width 93: "(5127) (6451)\""
      LayoutNGBlockFlow {P} at (0,74) size 784x40
        LayoutText {#text} at (0,0) size 772x39
          text run at (0,0) width 772: "This test uses a right aligned image next to some left aligned text. The image should not be selected, and should not be included in"
          text run at (0,20) width 497: "the selection rect (you won't see the selection rect when you run this test manually)."
      LayoutNGBlockFlow {DIV} at (0,130) size 784x20
        LayoutImage (floating) {IMG} at (708,0) size 76x103
        LayoutText {#text} at (0,0) size 170x19
          text run at (0,0) width 170: "This text should be selected."
layer at (8,64)
  LayoutNGBlockFlow {HR} at (0,56) size 784x2 [border: (1px inset #EEEEEE)]
selection start: position 0 of child 1 {#text} of child 6 {DIV} of body
selection end:   position 29 of child 1 {#text} of child 6 {DIV} of body
