EDITING DELEGATE: webViewDidChangeSelection:WebViewDidChangeSelectionNotification
layer at (0,0)
  LayoutView at (0,0) size 800x600
layer at (0,0)
  LayoutNGBlockFlow {HTML} at (0,0) size 800x600
    LayoutNGBlockFlow {BODY} at (8,8) size 784x584
      LayoutNGBlockFlow {P} at (0,0) size 784x40
        LayoutText {#text} at (0,0) size 734x39
          text run at (0,0) width 734: "This tests that the caret and the focus halo are not displayed when the WebView is not focused (using the pixel output from"
          text run at (0,20) width 117: "DumpRenderTree)."
      LayoutNGBlockFlow {DIV} at (0,56) size 784x20
        LayoutText {#text} at (0,0) size 60x19
          text run at (0,0) width 60: "This is an "
        LayoutInline {SPAN} at (60,0) size 47x19
          LayoutText {#text} at (60,0) size 47x19
            text run at (60,0) width 47: "editable"
        LayoutText {#text} at (107,0) size 385x19
          text run at (107,0) width 385: " region. No caret or focus ring should appear in the pixel results."
caret: position 11 of child 0 {#text} of child 3 {DIV} of body
