EDITING DELEGATE: webViewDidChangeSelection:WebViewDidChangeSelectionNotification
layer at (0,0)
  LayoutView at (0,0) size 800x600
layer at (0,0)
  LayoutNGBlockFlow {HTML} at (0,0) size 800x600
    LayoutNGBlockFlow {BODY} at (8,8) size 784x576
      LayoutNGBlockFlow {DIV} at (0,0) size 425x75 [bgcolor=#FFFF00]
        LayoutNGBlockFlow {DIV} at (25,25) size 100x20 [bgcolor=#FFFFFF]
      LayoutNGBlockFlow {P} at (0,91) size 784x40
        LayoutText {#text} at (0,0) size 782x39
          text run at (0,0) width 782: "This test clicks inside an editable div element, and must result in the element receiving focus. If the test succeeds the element should"
          text run at (0,20) width 105: "have a focus ring."
caret: position 0 of child 0 {DIV} of child 0 {DIV} of body
