layer at (0,0)
  LayoutView at (0,0) size 800x600
layer at (0,0)
  LayoutNGBlockFlow {HTML} at (0,0) size 800x600
    LayoutNGBlockFlow {BODY} at (8,8) size 784x576
      LayoutNGBlockFlow {P} at (0,0) size 784x20
        LayoutText {#text} at (0,0) size 379x19
          text run at (0,0) width 379: "This tests Range.selectNodeContents() of a text node and a br."
      LayoutNGBlockFlow {DIV} at (0,36) size 784x20
        LayoutText {#text} at (0,0) size 22x19
          text run at (0,0) width 22: "one"
      LayoutNGBlockFlow {DIV} at (0,56) size 784x40
        LayoutText {#text} at (0,0) size 23x19
          text run at (0,0) width 23: "two"
        LayoutBR {BR} at (23,0) size 0x19
        LayoutText {#text} at (0,20) size 30x19
          text run at (0,20) width 30: "three"
      LayoutNGBlockFlow {DIV} at (0,96) size 784x20
        LayoutText {#text} at (0,0) size 24x19
          text run at (0,0) width 24: "four"
      LayoutNGBlockFlow {UL} at (0,132) size 784x20
        LayoutListItem {LI} at (40,0) size 744x20
          LayoutOutsideListMarker {::marker} at (-18,0) size 7x20
            LayoutTextFragment (anonymous) at (0,0) size 7x19
              text run at (0,0) width 7: "\x{2022} "
          LayoutText {#text} at (0,0) size 53x19
            text run at (0,0) width 53: "Success."
