layer at (0,0)
  LayoutView at (0,0) size 800x600
layer at (0,0)
  LayoutBlockFlow {HTML} at (0,0) size 800x600
    LayoutBlockFlow {BODY} at (8,8) size 784x576
      LayoutBlockFlow (children-inline) {P} at (0,0) size 784x20
        LayoutText {#text} at (0,0) size 325x19
          text run at (0,0) width 325: "This tests Range.selectNode() of a text node and a br."
      LayoutBlockFlow (children-inline) {DIV} at (0,36) size 784x20
        LayoutText {#text} at (0,0) size 22x19
          text run at (0,0) width 22: "one"
      LayoutBlockFlow (children-inline) {DIV} at (0,56) size 784x40
        LayoutText {#text} at (0,0) size 23x19
          text run at (0,0) width 23: "two"
        LayoutBR {BR} at (23,0) size 0x19
        LayoutText {#text} at (0,20) size 30x19
          text run at (0,20) width 30: "three"
      LayoutBlockFlow (children-inline) {DIV} at (0,96) size 784x20
        LayoutText {#text} at (0,0) size 24x19
          text run at (0,0) width 24: "four"
      LayoutBlockFlow {UL} at (0,132) size 784x20
        LayoutListItem (children-inline) {LI} at (40,0) size 744x20
          LayoutOutsideListMarker (inline, children-inline) {::marker} at (-18,0) size 7x20
            LayoutTextFragment (anonymous) at (0,0) size 7x19
              text run at (0,0) width 7: "\x{2022} "
          LayoutText {#text} at (0,0) size 53x19
            text run at (0,0) width 53: "Success."
