layer at (0,0)
  LayoutView at (0,0) size 800x600
layer at (0,0)
  LayoutBlockFlow {HTML} at (0,0) size 800x600
    LayoutBlockFlow {BODY} at (8,8) size 784x584
      LayoutBlockFlow {DIV} at (0,0) size 784x36
        LayoutBlockFlow {DIV} at (0,0) size 784x18
          LayoutText {#text} at (0,0) size 22x17
            text run at (0,0) width 22: "foo"
        LayoutBlockFlow (anonymous) at (0,18) size 784x18
          LayoutText {#text} at (0,0) size 21x17
            text run at (0,0) width 21: "bar"
