layer at (0,0) size 800x600
  LayoutView at (0,0) size 800x600
layer at (5,5) size 790x100
  LayoutBlockFlow {doc} at (5,5) size 790x100
    LayoutTable at (0,0) size 50x60
      LayoutBlockFlow {captionelement} at (0,0) size 50x60 [color=#FF0000]
        LayoutText {#text} at (0,0) size 50x59
          text run at (0,0) width 49: "This is a"
          text run at (3,20) width 44: "caption"
          text run at (0,40) width 50: "element."
    LayoutBlockFlow {p} at (0,60) size 790x20
      LayoutText {#text} at (0,0) size 698x19
        text run at (0,0) width 698: "The following text is in a caption element whose style is set to display:table-caption. The element is not inside a table."
    LayoutBlockFlow {p} at (0,80) size 790x20
      LayoutText {#text} at (0,0) size 526x19
        text run at (0,0) width 526: "If there's no red text between this text and the previous text the caption is not displayed."
