EDITING DELEGATE: webViewDidChangeSelection:WebViewDidChangeSelectionNotification
EDITING DELEGATE: webViewDidChangeSelection:WebViewDidChangeSelectionNotification
EDITING DELEGATE: webViewDidChangeSelection:WebViewDidChangeSelectionNotification
layer at (0,0)
  LayoutView at (0,0) size 800x600
layer at (0,0)
  LayoutNGBlockFlow {HTML} at (0,0) size 800x600
    LayoutNGBlockFlow {BODY} at (8,8) size 784x584
      LayoutNGBlockFlow {P} at (0,0) size 784x20
        LayoutText {#text} at (0,0) size 764x19
          text run at (0,0) width 764: "This tests to see if Find will get stuck when searching for a word that is currently selected, and was selected with a double click."
      LayoutNGBlockFlow {DIV} at (0,36) size 784x20
        LayoutText {#text} at (0,0) size 24x19
          text run at (0,0) width 24: "foo "
        LayoutInline {SPAN} at (24,0) size 20x19
          LayoutText {#text} at (24,0) size 20x19
            text run at (24,0) width 20: "bar"
        LayoutText {#text} at (44,0) size 98x19
          text run at (44,0) width 98: " baz foo bar baz"
selection start: position 9 of child 2 {#text} of child 2 {DIV} of body
selection end:   position 12 of child 2 {#text} of child 2 {DIV} of body
