EDITING DELEGATE: webViewDidChangeSelection:WebViewDidChangeSelectionNotification
layer at (0,0)
  LayoutView at (0,0) size 800x600
layer at (0,0)
  LayoutNGBlockFlow {HTML} at (0,0) size 800x600
    LayoutNGBlockFlow {BODY} at (8,8) size 784x584
      LayoutNGBlockFlow {P} at (0,0) size 784x40
        LayoutText {#text} at (0,0) size 772x39
          text run at (0,0) width 772: "This tests that the caret and the focus halo are not displayed when the WebView is not focused (using the pixel output from"
          text run at (0,20) width 123: "DumpRenderTree)."
      LayoutNGBlockFlow {DIV} at (0,56) size 784x20
        LayoutText {#text} at (0,0) size 65x19
          text run at (0,0) width 65: "This is an "
        LayoutInline {SPAN} at (65,0) size 49x19
          LayoutText {#text} at (65,0) size 49x19
            text run at (65,0) width 49: "editable"
        LayoutText {#text} at (114,0) size 404x19
          text run at (114,0) width 404: " region. No caret or focus ring should appear in the pixel results."
caret: position 11 of child 0 {#text} of child 3 {DIV} of body
