EDITING DELEGATE: webViewDidChangeSelection:WebViewDidChangeSelectionNotification
layer at (0,0)
  LayoutView at (0,0) size 800x600
layer at (0,0)
  LayoutNGBlockFlow {HTML} at (0,0) size 800x600
    LayoutNGBlockFlow {BODY} at (8,8) size 784x584
      LayoutNGBlockFlow {P} at (0,0) size 784x20
        LayoutText {#text} at (0,0) size 229x19
          text run at (0,0) width 229: "Only 'baz' should be selected below."
      LayoutNGBlockFlow {DIV} at (50,36) size 52x42 [border: (1px solid #000000)]
        LayoutText {#text} at (1,1) size 45x19
          text run at (1,1) width 45: "foo bar"
        LayoutInline {A} at (1,21) size 22x19 [color=#0000EE]
          LayoutText {#text} at (1,21) size 22x19
            text run at (1,21) width 22: "baz"
selection start: position 0 of child 0 {#text} of child 1 {A} of child 2 {DIV} of body
selection end:   position 3 of child 0 {#text} of child 1 {A} of child 2 {DIV} of body
