EDITING DELEGATE: webViewDidChangeSelection:WebViewDidChangeSelectionNotification
layer at (0,0)
  LayoutView at (0,0) size 800x600
layer at (0,0)
  LayoutBlockFlow {HTML} at (0,0) size 800x600
    LayoutBlockFlow {BODY} at (8,8) size 784x584
      LayoutBlockFlow (children-inline) {P} at (0,0) size 784x20
        LayoutText {#text} at (0,0) size 764x19
          text run at (0,0) width 764: "This tests that the selection tint is grey when the WebView is not focused (using the pixel output from DumpRenderTree)."
      LayoutBlockFlow (children-inline) {DIV} at (0,36) size 784x20
        LayoutText {#text} at (0,0) size 178x19
          text run at (0,0) width 178: "This text should be selected."
selection start: position 0 of child 0 {#text} of child 3 {DIV} of body
selection end:   position 29 of child 0 {#text} of child 3 {DIV} of body
