EDITING DELEGATE: webViewDidChangeSelection:WebViewDidChangeSelectionNotification
EDITING DELEGATE: webViewDidChangeSelection:WebViewDidChangeSelectionNotification
layer at (0,0)
  LayoutView at (0,0) size 800x600
layer at (0,0)
  LayoutBlockFlow {HTML} at (0,0) size 800x600
    LayoutBlockFlow {BODY} at (8,8) size 784x584
      LayoutBlockFlow (children-inline) {DIV} at (0,0) size 784x128 [border: (2px solid #FF0000) (2px solid #FF0000) (2px solid #FF0000) (2px solid #FF0000)]
        LayoutText {#text} at (0,0) size 0x0
layer at (22,22)
  LayoutBlockFlow (inline, children-inline) {IMG} at (14,14) size 550x100
layer at (22,22)
  LayoutBlockFlow (inline, children-inline) {SPAN} at (0,0) size 550x100 [border: (1px solid #C0C0C0) (1px solid #C0C0C0) (1px solid #C0C0C0) (1px solid #C0C0C0)]
    LayoutImage (floating, block) {IMG} at (2,2) size 16x16
    LayoutInline {SPAN} at (18,2) size 480x27
      LayoutText {#text} at (18,2) size 480x27
        text run at (18,2) width 480: "Should see selection tint over this missing image."
selection start: position 0 of child 1 {IMG} of child 1 {DIV} of body
selection end:   position 1 of child 1 {IMG} of child 1 {DIV} of body
