EDITING DELEGATE: webViewDidChangeSelection:WebViewDidChangeSelectionNotification
layer at (0,0)
  LayoutView at (0,0) size 800x600
layer at (0,0)
  LayoutBlockFlow {HTML} at (0,0) size 800x600
    LayoutBlockFlow {BODY} at (8,8) size 784x584
      LayoutBlockFlow {P} at (0,0) size 784x36
        LayoutText {#text} at (0,0) size 135x17
          text run at (0,0) width 135: "This is a testcase for "
        LayoutInline {A} at (134,0) size 154x17 [color=#0000EE]
          LayoutText {#text} at (134,0) size 154x17
            text run at (134,0) width 154: "rdar://problem/4402375"
        LayoutText {#text} at (0,0) size 775x35
          text run at (287,0) width 488: " \"REGRESSION (417.8-TOT): finding text sometimes also selects previous"
          text run at (0,18) width 139: "image (5127) (6451)\""
      LayoutBlockFlow {P} at (0,70) size 784x36
        LayoutText {#text} at (0,0) size 759x35
          text run at (0,0) width 759: "This test uses a right aligned image next to some left aligned text. The image should not be selected, and should not be"
          text run at (0,18) width 612: "included in the selection rect (you won't see the selection rect when you run this test manually)."
      LayoutBlockFlow {DIV} at (0,122) size 784x18
        LayoutImage (floating) {IMG} at (708,0) size 76x103
        LayoutText {#text} at (0,0) size 182x17
          text run at (0,0) width 182: "This text should be selected."
layer at (8,60)
  LayoutBlockFlow {HR} at (0,52) size 784x2 [border: (1px inset #EEEEEE) (1px inset #EEEEEE) (1px inset #EEEEEE) (1px inset #EEEEEE)]
selection start: position 0 of child 1 {#text} of child 6 {DIV} of body
selection end:   position 29 of child 1 {#text} of child 6 {DIV} of body
