layer at (0,0) scrollHeight 1200
  LayoutView at (0,0) size 800x600
layer at (0,0)
  LayoutNGBlockFlow {HTML} at (0,0) size 800x628
    LayoutNGBlockFlow {BODY} at (8,16) size 784x604
      LayoutNGBlockFlow {P} at (0,0) size 784x40
        LayoutText {#text} at (0,0) size 761x39
          text run at (0,0) width 761: "This is a test that only dumps the layout tree, and doesn't actually display the page. This tests some peculiarities in the test"
          text run at (0,20) width 565: "framework for printing. To run this test manually, run it with content_shell --run-web-tests"
      LayoutNGBlockFlow {DIV} at (0,56) size 784x20
        LayoutText {#text} at (0,0) size 163x19
          text run at (0,0) width 163: "This should be on page 1."
      LayoutNGBlockFlow {DIV} at (0,584) size 784x20
        LayoutText {#text} at (0,0) size 163x19
          text run at (0,0) width 163: "This should be on page 2."
