layer at (0,0) size 800x600
  LayoutView at (0,0) size 800x600
layer at (0,0) size 800x600
  LayoutBlockFlow {HTML} at (0,0) size 800x600
    LayoutBlockFlow {BODY} at (8,8) size 784x584
      LayoutBlockFlow {DIV} at (0,0) size 784x18
        LayoutText {#text} at (0,0) size 539x18
          text run at (0,0) width 539: "This test passes if the video controls are non-blurry and properly positioned in HiDPI."
      LayoutBlockFlow (anonymous) at (0,18) size 784x150
        LayoutText {#text} at (0,0) size 0x0
layer at (8,26) size 300x150
  LayoutVideo {VIDEO} at (0,0) size 300x150
layer at (8,26) size 300x150
  LayoutFlexibleBox {DIV} at (0,0) size 300x150
    LayoutBlockFlow {DIV} at (0,115) size 300x35
layer at (13,141) size 290x30
  LayoutFlexibleBox {DIV} at (5,0) size 290x30 [bgcolor=#141414CC]
    LayoutButton {INPUT} at (9,0) size 30x30
    LayoutSlider {INPUT} at (48,11) size 152x8
      LayoutFlexibleBox {DIV} at (0,0) size 152x8 [border: (1px solid #E6E6E659)]
        LayoutBlockFlow {DIV} at (1,-8) size 164x24
          LayoutBlockFlow {DIV} at (-7,0) size 32x24
    LayoutFlexibleBox {DIV} at (215,0) size 25x30 [color=#FFFFFF]
      LayoutBlockFlow (anonymous) at (0,0) size 25x30
        LayoutText {#text} at (0,7) size 25x15
          text run at (0,7) width 25: "0:00"
    LayoutButton {INPUT} at (249,0) size 35x30
