layer at (0,0)
  LayoutView at (0,0) size 800x600
layer at (0,0)
  LayoutNGBlockFlow {HTML} at (0,0) size 800x600
    LayoutNGBlockFlow {BODY} at (8,8) size 784x584
      LayoutNGBlockFlow {DIV} at (0,0) size 784x40
        LayoutNGBlockFlow {DIV} at (0,0) size 784x20
          LayoutText {#text} at (0,0) size 20x19
            text run at (0,0) width 20: "foo"
        LayoutNGBlockFlow (anonymous) at (0,20) size 784x20
          LayoutText {#text} at (0,0) size 20x19
            text run at (0,0) width 20: "bar"
