EDITING DELEGATE: webViewDidChangeSelection:WebViewDidChangeSelectionNotification
EDITING DELEGATE: webViewDidChangeSelection:WebViewDidChangeSelectionNotification
EDITING DELEGATE: webViewDidChange:WebViewDidChangeNotification
layer at (0,0)
  LayoutNGView at (0,0) size 800x600
layer at (0,0)
  LayoutNGBlockFlow {HTML} at (0,0) size 800x600
    LayoutNGBlockFlow {BODY} at (8,8) size 784x584
      LayoutNGBlockFlow {P} at (0,0) size 784x20
        LayoutText {#text} at (0,0) size 334x19
          text run at (0,0) width 334: "This is an automatic test of copying an image document."
      LayoutNGBlockFlow {P} at (0,36) size 784x40
        LayoutText {#text} at (0,0) size 778x39
          text run at (0,0) width 778: "To perform this test manually, click once in the image frame, choose Edit -> Copy then click in the red box and paste the image. If"
          text run at (0,20) width 283: "the image pastes successfully the test is passed."
      LayoutNGBlockFlow (anonymous) at (0,92) size 784x154
        LayoutText {#text} at (0,0) size 0x0
      LayoutNGBlockFlow {DIV} at (0,246) size 784x128 [border: (2px solid #FF0000)]
        LayoutImage {IMG} at (14,14) size 50x100
        LayoutText {#text} at (0,0) size 0x0
layer at (8,100)
  LayoutIFrame {IFRAME} at (0,0) size 304x154 [border: (2px solid #0000FF)]
    layer at (0,0)
      LayoutNGView at (0,0) size 300x150
    layer at (0,0)
      LayoutNGBlockFlow {HTML} at (0,0) size 300x150
        LayoutNGBlockFlow {BODY} at (0,0) size 300x150
          LayoutImage {IMG} at (0,0) size 50x100
caret: position 1 of child 0 {IMG} of child 7 {DIV} of body
